[     158ms] [ERROR] Failed to load resource: the server responded with a status of 404 (File not found) @ http://localhost:9129/favicon.ico:0
[     226ms] [ERROR] Access to fetch at 'https://query1.finance.yahoo.com/v8/finance/chart/SPY?interval=60m&range=1d&includePrePost=false' from origin 'http://localhost:9129' has been blocked by CORS policy: No 'Access-Control-Allow-Origin' header is present on the requested resource. @ http://localhost:9129/:0
[     227ms] [ERROR] Failed to load resource: net::ERR_FAILED @ https://query1.finance.yahoo.com/v8/finance/chart/SPY?interval=60m&range=1d&includePrePost=false:0
[     227ms] [WARNING] [loadHourlyChart] Failed to fetch @ http://localhost:9129/assets/app.js:403
[     235ms] [ERROR] Access to fetch at 'https://query1.finance.yahoo.com/v8/finance/chart/NVDA?interval=5m&range=1d&includePrePost=false' from origin 'http://localhost:9129' has been blocked by CORS policy: No 'Access-Control-Allow-Origin' header is present on the requested resource. @ http://localhost:9129/:0
[     235ms] [ERROR] Failed to load resource: net::ERR_FAILED @ https://query1.finance.yahoo.com/v8/finance/chart/NVDA?interval=5m&range=1d&includePrePost=false:0
[     236ms] [ERROR] Access to fetch at 'https://query1.finance.yahoo.com/v8/finance/chart/AAPL?interval=5m&range=1d&includePrePost=false' from origin 'http://localhost:9129' has been blocked by CORS policy: No 'Access-Control-Allow-Origin' header is present on the requested resource. @ http://localhost:9129/:0
[     236ms] [ERROR] Failed to load resource: net::ERR_FAILED @ https://query1.finance.yahoo.com/v8/finance/chart/AAPL?interval=5m&range=1d&includePrePost=false:0
[     237ms] [ERROR] Access to fetch at 'https://query1.finance.yahoo.com/v8/finance/chart/PLTR?interval=5m&range=1d&includePrePost=false' from origin 'http://localhost:9129' has been blocked by CORS policy: No 'Access-Control-Allow-Origin' header is present on the requested resource. @ http://localhost:9129/:0
[     237ms] [ERROR] Failed to load resource: net::ERR_FAILED @ https://query1.finance.yahoo.com/v8/finance/chart/PLTR?interval=5m&range=1d&includePrePost=false:0
[     246ms] [ERROR] Access to fetch at 'https://query1.finance.yahoo.com/v8/finance/chart/SPY?interval=5m&range=1d&includePrePost=false' from origin 'http://localhost:9129' has been blocked by CORS policy: No 'Access-Control-Allow-Origin' header is present on the requested resource. @ http://localhost:9129/:0
[     246ms] [ERROR] Failed to load resource: net::ERR_FAILED @ https://query1.finance.yahoo.com/v8/finance/chart/SPY?interval=5m&range=1d&includePrePost=false:0
[     250ms] [ERROR] Access to fetch at 'https://query1.finance.yahoo.com/v8/finance/chart/TSLA?interval=5m&range=1d&includePrePost=false' from origin 'http://localhost:9129' has been blocked by CORS policy: No 'Access-Control-Allow-Origin' header is present on the requested resource. @ http://localhost:9129/:0
[     251ms] [ERROR] Failed to load resource: net::ERR_FAILED @ https://query1.finance.yahoo.com/v8/finance/chart/TSLA?interval=5m&range=1d&includePrePost=false:0
[   30525ms] [ERROR] Access to fetch at 'https://query1.finance.yahoo.com/v8/finance/chart/PLTR?interval=5m&range=1d&includePrePost=false' from origin 'http://localhost:9129' has been blocked by CORS policy: No 'Access-Control-Allow-Origin' header is present on the requested resource. @ http://localhost:9129/:0
[   30525ms] [ERROR] Failed to load resource: net::ERR_FAILED @ https://query1.finance.yahoo.com/v8/finance/chart/PLTR?interval=5m&range=1d&includePrePost=false:0
[   30526ms] [ERROR] Access to fetch at 'https://query1.finance.yahoo.com/v8/finance/chart/AAPL?interval=5m&range=1d&includePrePost=false' from origin 'http://localhost:9129' has been blocked by CORS policy: No 'Access-Control-Allow-Origin' header is present on the requested resource. @ http://localhost:9129/:0
[   30526ms] [ERROR] Failed to load resource: net::ERR_FAILED @ https://query1.finance.yahoo.com/v8/finance/chart/AAPL?interval=5m&range=1d&includePrePost=false:0
[   30530ms] [ERROR] Access to fetch at 'https://query1.finance.yahoo.com/v8/finance/chart/SPY?interval=5m&range=1d&includePrePost=false' from origin 'http://localhost:9129' has been blocked by CORS policy: No 'Access-Control-Allow-Origin' header is present on the requested resource. @ http://localhost:9129/:0
[   30530ms] [ERROR] Failed to load resource: net::ERR_FAILED @ https://query1.finance.yahoo.com/v8/finance/chart/SPY?interval=5m&range=1d&includePrePost=false:0
[   30530ms] [ERROR] Access to fetch at 'https://query1.finance.yahoo.com/v8/finance/chart/TSLA?interval=5m&range=1d&includePrePost=false' from origin 'http://localhost:9129' has been blocked by CORS policy: No 'Access-Control-Allow-Origin' header is present on the requested resource. @ http://localhost:9129/:0
[   30530ms] [ERROR] Failed to load resource: net::ERR_FAILED @ https://query1.finance.yahoo.com/v8/finance/chart/TSLA?interval=5m&range=1d&includePrePost=false:0
[   30538ms] [ERROR] Access to fetch at 'https://query1.finance.yahoo.com/v8/finance/chart/NVDA?interval=5m&range=1d&includePrePost=false' from origin 'http://localhost:9129' has been blocked by CORS policy: No 'Access-Control-Allow-Origin' header is present on the requested resource. @ http://localhost:9129/:0
[   30538ms] [ERROR] Failed to load resource: net::ERR_FAILED @ https://query1.finance.yahoo.com/v8/finance/chart/NVDA?interval=5m&range=1d&includePrePost=false:0
[   60864ms] [ERROR] Access to fetch at 'https://query1.finance.yahoo.com/v8/finance/chart/PLTR?interval=5m&range=1d&includePrePost=false' from origin 'http://localhost:9129' has been blocked by CORS policy: No 'Access-Control-Allow-Origin' header is present on the requested resource. @ http://localhost:9129/:0
[   60865ms] [ERROR] Failed to load resource: net::ERR_FAILED @ https://query1.finance.yahoo.com/v8/finance/chart/PLTR?interval=5m&range=1d&includePrePost=false:0
[   60870ms] [ERROR] Access to fetch at 'https://query1.finance.yahoo.com/v8/finance/chart/NVDA?interval=5m&range=1d&includePrePost=false' from origin 'http://localhost:9129' has been blocked by CORS policy: No 'Access-Control-Allow-Origin' header is present on the requested resource. @ http://localhost:9129/:0
[   60870ms] [ERROR] Failed to load resource: net::ERR_FAILED @ https://query1.finance.yahoo.com/v8/finance/chart/NVDA?interval=5m&range=1d&includePrePost=false:0
[   60871ms] [ERROR] Access to fetch at 'https://query1.finance.yahoo.com/v8/finance/chart/SPY?interval=5m&range=1d&includePrePost=false' from origin 'http://localhost:9129' has been blocked by CORS policy: No 'Access-Control-Allow-Origin' header is present on the requested resource. @ http://localhost:9129/:0
[   60871ms] [ERROR] Failed to load resource: net::ERR_FAILED @ https://query1.finance.yahoo.com/v8/finance/chart/SPY?interval=5m&range=1d&includePrePost=false:0
[   60874ms] [ERROR] Access to fetch at 'https://query1.finance.yahoo.com/v8/finance/chart/AAPL?interval=5m&range=1d&includePrePost=false' from origin 'http://localhost:9129' has been blocked by CORS policy: No 'Access-Control-Allow-Origin' header is present on the requested resource. @ http://localhost:9129/:0
[   60874ms] [ERROR] Failed to load resource: net::ERR_FAILED @ https://query1.finance.yahoo.com/v8/finance/chart/AAPL?interval=5m&range=1d&includePrePost=false:0
[   60877ms] [ERROR] Access to fetch at 'https://query1.finance.yahoo.com/v8/finance/chart/TSLA?interval=5m&range=1d&includePrePost=false' from origin 'http://localhost:9129' has been blocked by CORS policy: No 'Access-Control-Allow-Origin' header is present on the requested resource. @ http://localhost:9129/:0
[   60877ms] [ERROR] Failed to load resource: net::ERR_FAILED @ https://query1.finance.yahoo.com/v8/finance/chart/TSLA?interval=5m&range=1d&includePrePost=false:0
[   91196ms] [ERROR] Access to fetch at 'https://query1.finance.yahoo.com/v8/finance/chart/AAPL?interval=5m&range=1d&includePrePost=false' from origin 'http://localhost:9129' has been blocked by CORS policy: No 'Access-Control-Allow-Origin' header is present on the requested resource. @ http://localhost:9129/:0
[   91196ms] [ERROR] Failed to load resource: net::ERR_FAILED @ https://query1.finance.yahoo.com/v8/finance/chart/AAPL?interval=5m&range=1d&includePrePost=false:0
[   91197ms] [ERROR] Access to fetch at 'https://query1.finance.yahoo.com/v8/finance/chart/TSLA?interval=5m&range=1d&includePrePost=false' from origin 'http://localhost:9129' has been blocked by CORS policy: No 'Access-Control-Allow-Origin' header is present on the requested resource. @ http://localhost:9129/:0
[   91197ms] [ERROR] Failed to load resource: net::ERR_FAILED @ https://query1.finance.yahoo.com/v8/finance/chart/TSLA?interval=5m&range=1d&includePrePost=false:0
[   91200ms] [ERROR] Access to fetch at 'https://query1.finance.yahoo.com/v8/finance/chart/PLTR?interval=5m&range=1d&includePrePost=false' from origin 'http://localhost:9129' has been blocked by CORS policy: No 'Access-Control-Allow-Origin' header is present on the requested resource. @ http://localhost:9129/:0
[   91200ms] [ERROR] Failed to load resource: net::ERR_FAILED @ https://query1.finance.yahoo.com/v8/finance/chart/PLTR?interval=5m&range=1d&includePrePost=false:0
[   91203ms] [ERROR] Access to fetch at 'https://query1.finance.yahoo.com/v8/finance/chart/NVDA?interval=5m&range=1d&includePrePost=false' from origin 'http://localhost:9129' has been blocked by CORS policy: No 'Access-Control-Allow-Origin' header is present on the requested resource. @ http://localhost:9129/:0
[   91203ms] [ERROR] Failed to load resource: net::ERR_FAILED @ https://query1.finance.yahoo.com/v8/finance/chart/NVDA?interval=5m&range=1d&includePrePost=false:0
[   91206ms] [ERROR] Access to fetch at 'https://query1.finance.yahoo.com/v8/finance/chart/SPY?interval=5m&range=1d&includePrePost=false' from origin 'http://localhost:9129' has been blocked by CORS policy: No 'Access-Control-Allow-Origin' header is present on the requested resource. @ http://localhost:9129/:0
[   91206ms] [ERROR] Failed to load resource: net::ERR_FAILED @ https://query1.finance.yahoo.com/v8/finance/chart/SPY?interval=5m&range=1d&includePrePost=false:0
[  122815ms] [ERROR] Access to fetch at 'https://query1.finance.yahoo.com/v8/finance/chart/AAPL?interval=5m&range=1d&includePrePost=false' from origin 'http://localhost:9129' has been blocked by CORS policy: No 'Access-Control-Allow-Origin' header is present on the requested resource. @ http://localhost:9129/:0
[  122815ms] [ERROR] Failed to load resource: net::ERR_FAILED @ https://query1.finance.yahoo.com/v8/finance/chart/AAPL?interval=5m&range=1d&includePrePost=false:0
[  122821ms] [ERROR] Access to fetch at 'https://query1.finance.yahoo.com/v8/finance/chart/TSLA?interval=5m&range=1d&includePrePost=false' from origin 'http://localhost:9129' has been blocked by CORS policy: No 'Access-Control-Allow-Origin' header is present on the requested resource. @ http://localhost:9129/:0
[  122821ms] [ERROR] Failed to load resource: net::ERR_FAILED @ https://query1.finance.yahoo.com/v8/finance/chart/TSLA?interval=5m&range=1d&includePrePost=false:0
[  122824ms] [ERROR] Access to fetch at 'https://query1.finance.yahoo.com/v8/finance/chart/SPY?interval=5m&range=1d&includePrePost=false' from origin 'http://localhost:9129' has been blocked by CORS policy: No 'Access-Control-Allow-Origin' header is present on the requested resource. @ http://localhost:9129/:0
[  122824ms] [ERROR] Failed to load resource: net::ERR_FAILED @ https://query1.finance.yahoo.com/v8/finance/chart/SPY?interval=5m&range=1d&includePrePost=false:0
[  122830ms] [ERROR] Access to fetch at 'https://query1.finance.yahoo.com/v8/finance/chart/NVDA?interval=5m&range=1d&includePrePost=false' from origin 'http://localhost:9129' has been blocked by CORS policy: No 'Access-Control-Allow-Origin' header is present on the requested resource. @ http://localhost:9129/:0
[  122830ms] [ERROR] Failed to load resource: net::ERR_FAILED @ https://query1.finance.yahoo.com/v8/finance/chart/NVDA?interval=5m&range=1d&includePrePost=false:0
[  122835ms] [ERROR] Access to fetch at 'https://query1.finance.yahoo.com/v8/finance/chart/PLTR?interval=5m&range=1d&includePrePost=false' from origin 'http://localhost:9129' has been blocked by CORS policy: No 'Access-Control-Allow-Origin' header is present on the requested resource. @ http://localhost:9129/:0
[  122835ms] [ERROR] Failed to load resource: net::ERR_FAILED @ https://query1.finance.yahoo.com/v8/finance/chart/PLTR?interval=5m&range=1d&includePrePost=false:0
[  153241ms] [ERROR] Access to fetch at 'https://query1.finance.yahoo.com/v8/finance/chart/PLTR?interval=5m&range=1d&includePrePost=false' from origin 'http://localhost:9129' has been blocked by CORS policy: No 'Access-Control-Allow-Origin' header is present on the requested resource. @ http://localhost:9129/:0
[  153242ms] [ERROR] Failed to load resource: net::ERR_FAILED @ https://query1.finance.yahoo.com/v8/finance/chart/PLTR?interval=5m&range=1d&includePrePost=false:0
[  153242ms] [ERROR] Access to fetch at 'https://query1.finance.yahoo.com/v8/finance/chart/SPY?interval=5m&range=1d&includePrePost=false' from origin 'http://localhost:9129' has been blocked by CORS policy: No 'Access-Control-Allow-Origin' header is present on the requested resource. @ http://localhost:9129/:0
[  153242ms] [ERROR] Failed to load resource: net::ERR_FAILED @ https://query1.finance.yahoo.com/v8/finance/chart/SPY?interval=5m&range=1d&includePrePost=false:0
[  153242ms] [ERROR] Access to fetch at 'https://query1.finance.yahoo.com/v8/finance/chart/NVDA?interval=5m&range=1d&includePrePost=false' from origin 'http://localhost:9129' has been blocked by CORS policy: No 'Access-Control-Allow-Origin' header is present on the requested resource. @ http://localhost:9129/:0
[  153242ms] [ERROR] Failed to load resource: net::ERR_FAILED @ https://query1.finance.yahoo.com/v8/finance/chart/NVDA?interval=5m&range=1d&includePrePost=false:0
[  153243ms] [ERROR] Access to fetch at 'https://query1.finance.yahoo.com/v8/finance/chart/AAPL?interval=5m&range=1d&includePrePost=false' from origin 'http://localhost:9129' has been blocked by CORS policy: No 'Access-Control-Allow-Origin' header is present on the requested resource. @ http://localhost:9129/:0
[  153243ms] [ERROR] Failed to load resource: net::ERR_FAILED @ https://query1.finance.yahoo.com/v8/finance/chart/AAPL?interval=5m&range=1d&includePrePost=false:0
[  153243ms] [ERROR] Access to fetch at 'https://query1.finance.yahoo.com/v8/finance/chart/TSLA?interval=5m&range=1d&includePrePost=false' from origin 'http://localhost:9129' has been blocked by CORS policy: No 'Access-Control-Allow-Origin' header is present on the requested resource. @ http://localhost:9129/:0
[  153243ms] [ERROR] Failed to load resource: net::ERR_FAILED @ https://query1.finance.yahoo.com/v8/finance/chart/TSLA?interval=5m&range=1d&includePrePost=false:0
[  183622ms] [ERROR] Access to fetch at 'https://query1.finance.yahoo.com/v8/finance/chart/NVDA?interval=5m&range=1d&includePrePost=false' from origin 'http://localhost:9129' has been blocked by CORS policy: No 'Access-Control-Allow-Origin' header is present on the requested resource. @ http://localhost:9129/:0
[  183622ms] [ERROR] Failed to load resource: net::ERR_FAILED @ https://query1.finance.yahoo.com/v8/finance/chart/NVDA?interval=5m&range=1d&includePrePost=false:0
[  183623ms] [ERROR] Access to fetch at 'https://query1.finance.yahoo.com/v8/finance/chart/SPY?interval=5m&range=1d&includePrePost=false' from origin 'http://localhost:9129' has been blocked by CORS policy: No 'Access-Control-Allow-Origin' header is present on the requested resource. @ http://localhost:9129/:0
[  183623ms] [ERROR] Failed to load resource: net::ERR_FAILED @ https://query1.finance.yahoo.com/v8/finance/chart/SPY?interval=5m&range=1d&includePrePost=false:0
[  183623ms] [ERROR] Access to fetch at 'https://query1.finance.yahoo.com/v8/finance/chart/PLTR?interval=5m&range=1d&includePrePost=false' from origin 'http://localhost:9129' has been blocked by CORS policy: No 'Access-Control-Allow-Origin' header is present on the requested resource. @ http://localhost:9129/:0
[  183623ms] [ERROR] Failed to load resource: net::ERR_FAILED @ https://query1.finance.yahoo.com/v8/finance/chart/PLTR?interval=5m&range=1d&includePrePost=false:0
[  183625ms] [ERROR] Access to fetch at 'https://query1.finance.yahoo.com/v8/finance/chart/AAPL?interval=5m&range=1d&includePrePost=false' from origin 'http://localhost:9129' has been blocked by CORS policy: No 'Access-Control-Allow-Origin' header is present on the requested resource. @ http://localhost:9129/:0
[  183625ms] [ERROR] Failed to load resource: net::ERR_FAILED @ https://query1.finance.yahoo.com/v8/finance/chart/AAPL?interval=5m&range=1d&includePrePost=false:0
[  183626ms] [ERROR] Access to fetch at 'https://query1.finance.yahoo.com/v8/finance/chart/TSLA?interval=5m&range=1d&includePrePost=false' from origin 'http://localhost:9129' has been blocked by CORS policy: No 'Access-Control-Allow-Origin' header is present on the requested resource. @ http://localhost:9129/:0
[  183626ms] [ERROR] Failed to load resource: net::ERR_FAILED @ https://query1.finance.yahoo.com/v8/finance/chart/TSLA?interval=5m&range=1d&includePrePost=false:0
[  214009ms] [ERROR] Access to fetch at 'https://query1.finance.yahoo.com/v8/finance/chart/TSLA?interval=5m&range=1d&includePrePost=false' from origin 'http://localhost:9129' has been blocked by CORS policy: No 'Access-Control-Allow-Origin' header is present on the requested resource. @ http://localhost:9129/:0
[  214009ms] [ERROR] Failed to load resource: net::ERR_FAILED @ https://query1.finance.yahoo.com/v8/finance/chart/TSLA?interval=5m&range=1d&includePrePost=false:0
[  214009ms] [ERROR] Access to fetch at 'https://query1.finance.yahoo.com/v8/finance/chart/NVDA?interval=5m&range=1d&includePrePost=false' from origin 'http://localhost:9129' has been blocked by CORS policy: No 'Access-Control-Allow-Origin' header is present on the requested resource. @ http://localhost:9129/:0
[  214009ms] [ERROR] Failed to load resource: net::ERR_FAILED @ https://query1.finance.yahoo.com/v8/finance/chart/NVDA?interval=5m&range=1d&includePrePost=false:0
[  214011ms] [ERROR] Access to fetch at 'https://query1.finance.yahoo.com/v8/finance/chart/AAPL?interval=5m&range=1d&includePrePost=false' from origin 'http://localhost:9129' has been blocked by CORS policy: No 'Access-Control-Allow-Origin' header is present on the requested resource. @ http://localhost:9129/:0
[  214011ms] [ERROR] Failed to load resource: net::ERR_FAILED @ https://query1.finance.yahoo.com/v8/finance/chart/AAPL?interval=5m&range=1d&includePrePost=false:0
[  214016ms] [ERROR] Access to fetch at 'https://query1.finance.yahoo.com/v8/finance/chart/PLTR?interval=5m&range=1d&includePrePost=false' from origin 'http://localhost:9129' has been blocked by CORS policy: No 'Access-Control-Allow-Origin' header is present on the requested resource. @ http://localhost:9129/:0
[  214016ms] [ERROR] Failed to load resource: net::ERR_FAILED @ https://query1.finance.yahoo.com/v8/finance/chart/PLTR?interval=5m&range=1d&includePrePost=false:0
[  214018ms] [ERROR] Access to fetch at 'https://query1.finance.yahoo.com/v8/finance/chart/SPY?interval=5m&range=1d&includePrePost=false' from origin 'http://localhost:9129' has been blocked by CORS policy: No 'Access-Control-Allow-Origin' header is present on the requested resource. @ http://localhost:9129/:0
[  214018ms] [ERROR] Failed to load resource: net::ERR_FAILED @ https://query1.finance.yahoo.com/v8/finance/chart/SPY?interval=5m&range=1d&includePrePost=false:0
[  244461ms] [ERROR] Access to fetch at 'https://query1.finance.yahoo.com/v8/finance/chart/SPY?interval=5m&range=1d&includePrePost=false' from origin 'http://localhost:9129' has been blocked by CORS policy: No 'Access-Control-Allow-Origin' header is present on the requested resource. @ http://localhost:9129/:0
[  244462ms] [ERROR] Failed to load resource: net::ERR_FAILED @ https://query1.finance.yahoo.com/v8/finance/chart/SPY?interval=5m&range=1d&includePrePost=false:0
[  244467ms] [ERROR] Access to fetch at 'https://query1.finance.yahoo.com/v8/finance/chart/TSLA?interval=5m&range=1d&includePrePost=false' from origin 'http://localhost:9129' has been blocked by CORS policy: No 'Access-Control-Allow-Origin' header is present on the requested resource. @ http://localhost:9129/:0
[  244467ms] [ERROR] Failed to load resource: net::ERR_FAILED @ https://query1.finance.yahoo.com/v8/finance/chart/TSLA?interval=5m&range=1d&includePrePost=false:0
[  244468ms] [ERROR] Access to fetch at 'https://query1.finance.yahoo.com/v8/finance/chart/NVDA?interval=5m&range=1d&includePrePost=false' from origin 'http://localhost:9129' has been blocked by CORS policy: No 'Access-Control-Allow-Origin' header is present on the requested resource. @ http://localhost:9129/:0
[  244468ms] [ERROR] Failed to load resource: net::ERR_FAILED @ https://query1.finance.yahoo.com/v8/finance/chart/NVDA?interval=5m&range=1d&includePrePost=false:0
[  244472ms] [ERROR] Access to fetch at 'https://query1.finance.yahoo.com/v8/finance/chart/AAPL?interval=5m&range=1d&includePrePost=false' from origin 'http://localhost:9129' has been blocked by CORS policy: No 'Access-Control-Allow-Origin' header is present on the requested resource. @ http://localhost:9129/:0
[  244472ms] [ERROR] Failed to load resource: net::ERR_FAILED @ https://query1.finance.yahoo.com/v8/finance/chart/AAPL?interval=5m&range=1d&includePrePost=false:0
[  244475ms] [ERROR] Access to fetch at 'https://query1.finance.yahoo.com/v8/finance/chart/PLTR?interval=5m&range=1d&includePrePost=false' from origin 'http://localhost:9129' has been blocked by CORS policy: No 'Access-Control-Allow-Origin' header is present on the requested resource. @ http://localhost:9129/:0
[  244475ms] [ERROR] Failed to load resource: net::ERR_FAILED @ https://query1.finance.yahoo.com/v8/finance/chart/PLTR?interval=5m&range=1d&includePrePost=false:0
[  274823ms] [ERROR] Access to fetch at 'https://query1.finance.yahoo.com/v8/finance/chart/NVDA?interval=5m&range=1d&includePrePost=false' from origin 'http://localhost:9129' has been blocked by CORS policy: No 'Access-Control-Allow-Origin' header is present on the requested resource. @ http://localhost:9129/:0
[  274823ms] [ERROR] Failed to load resource: net::ERR_FAILED @ https://query1.finance.yahoo.com/v8/finance/chart/NVDA?interval=5m&range=1d&includePrePost=false:0
[  274877ms] [ERROR] Access to fetch at 'https://query1.finance.yahoo.com/v8/finance/chart/TSLA?interval=5m&range=1d&includePrePost=false' from origin 'http://localhost:9129' has been blocked by CORS policy: No 'Access-Control-Allow-Origin' header is present on the requested resource. @ http://localhost:9129/:0
[  274877ms] [ERROR] Failed to load resource: net::ERR_FAILED @ https://query1.finance.yahoo.com/v8/finance/chart/TSLA?interval=5m&range=1d&includePrePost=false:0
[  274877ms] [ERROR] Access to fetch at 'https://query1.finance.yahoo.com/v8/finance/chart/SPY?interval=5m&range=1d&includePrePost=false' from origin 'http://localhost:9129' has been blocked by CORS policy: No 'Access-Control-Allow-Origin' header is present on the requested resource. @ http://localhost:9129/:0
[  274877ms] [ERROR] Failed to load resource: net::ERR_FAILED @ https://query1.finance.yahoo.com/v8/finance/chart/SPY?interval=5m&range=1d&includePrePost=false:0
[  274877ms] [ERROR] Access to fetch at 'https://query1.finance.yahoo.com/v8/finance/chart/PLTR?interval=5m&range=1d&includePrePost=false' from origin 'http://localhost:9129' has been blocked by CORS policy: No 'Access-Control-Allow-Origin' header is present on the requested resource. @ http://localhost:9129/:0
[  274877ms] [ERROR] Failed to load resource: net::ERR_FAILED @ https://query1.finance.yahoo.com/v8/finance/chart/PLTR?interval=5m&range=1d&includePrePost=false:0
[  274878ms] [ERROR] Access to fetch at 'https://query1.finance.yahoo.com/v8/finance/chart/AAPL?interval=5m&range=1d&includePrePost=false' from origin 'http://localhost:9129' has been blocked by CORS policy: No 'Access-Control-Allow-Origin' header is present on the requested resource. @ http://localhost:9129/:0
[  274878ms] [ERROR] Failed to load resource: net::ERR_FAILED @ https://query1.finance.yahoo.com/v8/finance/chart/AAPL?interval=5m&range=1d&includePrePost=false:0
[  305152ms] [ERROR] Access to fetch at 'https://query1.finance.yahoo.com/v8/finance/chart/NVDA?interval=5m&range=1d&includePrePost=false' from origin 'http://localhost:9129' has been blocked by CORS policy: No 'Access-Control-Allow-Origin' header is present on the requested resource. @ http://localhost:9129/:0
[  305152ms] [ERROR] Failed to load resource: net::ERR_FAILED @ https://query1.finance.yahoo.com/v8/finance/chart/NVDA?interval=5m&range=1d&includePrePost=false:0
[  305154ms] [ERROR] Access to fetch at 'https://query1.finance.yahoo.com/v8/finance/chart/AAPL?interval=5m&range=1d&includePrePost=false' from origin 'http://localhost:9129' has been blocked by CORS policy: No 'Access-Control-Allow-Origin' header is present on the requested resource. @ http://localhost:9129/:0
[  305154ms] [ERROR] Failed to load resource: net::ERR_FAILED @ https://query1.finance.yahoo.com/v8/finance/chart/AAPL?interval=5m&range=1d&includePrePost=false:0
[  305160ms] [ERROR] Access to fetch at 'https://query1.finance.yahoo.com/v8/finance/chart/PLTR?interval=5m&range=1d&includePrePost=false' from origin 'http://localhost:9129' has been blocked by CORS policy: No 'Access-Control-Allow-Origin' header is present on the requested resource. @ http://localhost:9129/:0
[  305160ms] [ERROR] Failed to load resource: net::ERR_FAILED @ https://query1.finance.yahoo.com/v8/finance/chart/PLTR?interval=5m&range=1d&includePrePost=false:0
[  305160ms] [ERROR] Access to fetch at 'https://query1.finance.yahoo.com/v8/finance/chart/SPY?interval=5m&range=1d&includePrePost=false' from origin 'http://localhost:9129' has been blocked by CORS policy: No 'Access-Control-Allow-Origin' header is present on the requested resource. @ http://localhost:9129/:0
[  305160ms] [ERROR] Failed to load resource: net::ERR_FAILED @ https://query1.finance.yahoo.com/v8/finance/chart/SPY?interval=5m&range=1d&includePrePost=false:0
[  305167ms] [ERROR] Access to fetch at 'https://query1.finance.yahoo.com/v8/finance/chart/TSLA?interval=5m&range=1d&includePrePost=false' from origin 'http://localhost:9129' has been blocked by CORS policy: No 'Access-Control-Allow-Origin' header is present on the requested resource. @ http://localhost:9129/:0
[  305168ms] [ERROR] Failed to load resource: net::ERR_FAILED @ https://query1.finance.yahoo.com/v8/finance/chart/TSLA?interval=5m&range=1d&includePrePost=false:0
[  335446ms] [ERROR] Access to fetch at 'https://query1.finance.yahoo.com/v8/finance/chart/NVDA?interval=5m&range=1d&includePrePost=false' from origin 'http://localhost:9129' has been blocked by CORS policy: No 'Access-Control-Allow-Origin' header is present on the requested resource. @ http://localhost:9129/:0
[  335446ms] [ERROR] Failed to load resource: net::ERR_FAILED @ https://query1.finance.yahoo.com/v8/finance/chart/NVDA?interval=5m&range=1d&includePrePost=false:0
[  335447ms] [ERROR] Access to fetch at 'https://query1.finance.yahoo.com/v8/finance/chart/PLTR?interval=5m&range=1d&includePrePost=false' from origin 'http://localhost:9129' has been blocked by CORS policy: No 'Access-Control-Allow-Origin' header is present on the requested resource. @ http://localhost:9129/:0
[  335447ms] [ERROR] Failed to load resource: net::ERR_FAILED @ https://query1.finance.yahoo.com/v8/finance/chart/PLTR?interval=5m&range=1d&includePrePost=false:0
[  335447ms] [ERROR] Access to fetch at 'https://query1.finance.yahoo.com/v8/finance/chart/AAPL?interval=5m&range=1d&includePrePost=false' from origin 'http://localhost:9129' has been blocked by CORS policy: No 'Access-Control-Allow-Origin' header is present on the requested resource. @ http://localhost:9129/:0
[  335447ms] [ERROR] Failed to load resource: net::ERR_FAILED @ https://query1.finance.yahoo.com/v8/finance/chart/AAPL?interval=5m&range=1d&includePrePost=false:0
[  335448ms] [ERROR] Access to fetch at 'https://query1.finance.yahoo.com/v8/finance/chart/SPY?interval=5m&range=1d&includePrePost=false' from origin 'http://localhost:9129' has been blocked by CORS policy: No 'Access-Control-Allow-Origin' header is present on the requested resource. @ http://localhost:9129/:0
[  335448ms] [ERROR] Failed to load resource: net::ERR_FAILED @ https://query1.finance.yahoo.com/v8/finance/chart/SPY?interval=5m&range=1d&includePrePost=false:0
[  335449ms] [ERROR] Access to fetch at 'https://query1.finance.yahoo.com/v8/finance/chart/TSLA?interval=5m&range=1d&includePrePost=false' from origin 'http://localhost:9129' has been blocked by CORS policy: No 'Access-Control-Allow-Origin' header is present on the requested resource. @ http://localhost:9129/:0
[  335449ms] [ERROR] Failed to load resource: net::ERR_FAILED @ https://query1.finance.yahoo.com/v8/finance/chart/TSLA?interval=5m&range=1d&includePrePost=false:0
